Release 14.7 - xst P.20131013 (lin64)
Copyright (c) 1995-2013 Xilinx, Inc.  All rights reserved.
--> 
Parameter TMPDIR set to xst/projnav.tmp


Total REAL time to Xst completion: 0.00 secs
Total CPU time to Xst completion: 0.03 secs
 
--> 
Parameter xsthdpdir set to xst


Total REAL time to Xst completion: 0.00 secs
Total CPU time to Xst completion: 0.03 secs
 
--> 
Reading design: source.prj

TABLE OF CONTENTS
  1) Synthesis Options Summary
  2) HDL Compilation
  3) Design Hierarchy Analysis
  4) HDL Analysis
  5) HDL Synthesis
     5.1) HDL Synthesis Report
  6) Advanced HDL Synthesis
     6.1) Advanced HDL Synthesis Report
  7) Low Level Synthesis
  8) Partition Report
  9) Final Report
	9.1) Device utilization summary
	9.2) Partition Resource Summary
	9.3) TIMING REPORT


=========================================================================
*                      Synthesis Options Summary                        *
=========================================================================
---- Source Parameters
Input File Name                    : "source.prj"
Input Format                       : mixed
Ignore Synthesis Constraint File   : NO

---- Target Parameters
Output File Name                   : "source"
Output Format                      : NGC
Target Device                      : xc3s200-4-ft256

---- Source Options
Top Module Name                    : source
Automatic FSM Extraction           : YES
FSM Encoding Algorithm             : Auto
Safe Implementation                : No
FSM Style                          : LUT
RAM Extraction                     : Yes
RAM Style                          : Auto
ROM Extraction                     : Yes
Mux Style                          : Auto
Decoder Extraction                 : YES
Priority Encoder Extraction        : Yes
Shift Register Extraction          : YES
Logical Shifter Extraction         : YES
XOR Collapsing                     : YES
ROM Style                          : Auto
Mux Extraction                     : Yes
Resource Sharing                   : YES
Asynchronous To Synchronous        : NO
Multiplier Style                   : Auto
Automatic Register Balancing       : No

---- Target Options
Add IO Buffers                     : YES
Global Maximum Fanout              : 100000
Add Generic Clock Buffer(BUFG)     : 8
Register Duplication               : YES
Slice Packing                      : YES
Optimize Instantiated Primitives   : NO
Use Clock Enable                   : Yes
Use Synchronous Set                : Yes
Use Synchronous Reset              : Yes
Pack IO Registers into IOBs        : Auto
Equivalent register Removal        : YES

---- General Options
Optimization Goal                  : Speed
Optimization Effort                : 1
Keep Hierarchy                     : No
Netlist Hierarchy                  : As_Optimized
RTL Output                         : Yes
Global Optimization                : AllClockNets
Read Cores                         : YES
Write Timing Constraints           : NO
Cross Clock Analysis               : NO
Hierarchy Separator                : /
Bus Delimiter                      : <>
Case Specifier                     : Maintain
Slice Utilization Ratio            : 100
BRAM Utilization Ratio             : 100
Verilog 2001                       : YES
Auto BRAM Packing                  : NO
Slice Utilization Ratio Delta      : 5

=========================================================================


=========================================================================
*                          HDL Compilation                              *
=========================================================================
Compiling vhdl file "/home/kuba/code/isp/lab5x/source.vhd" in Library work.
Entity <source> compiled.
Entity <source> (Architecture <behavioral>) compiled.

=========================================================================
*                     Design Hierarchy Analysis                         *
=========================================================================
Analyzing hierarchy for entity <source> in library <work> (architecture <behavioral>).


=========================================================================
*                            HDL Analysis                               *
=========================================================================
Analyzing Entity <source> in library <work> (Architecture <behavioral>).
INFO:Xst:1432 - Contents of array <wt_row> may be accessed with a negative index, causing simulation mismatch.
INFO:Xst:1433 - Contents of array <wt_row> may be accessed with an index that exceeds the array size. This could cause simulation mismatch.
INFO:Xst:1432 - Contents of array <wt_row> may be accessed with a negative index, causing simulation mismatch.
INFO:Xst:1433 - Contents of array <wt_row> may be accessed with an index that exceeds the array size. This could cause simulation mismatch.
INFO:Xst:1432 - Contents of array <wt_row> may be accessed with a negative index, causing simulation mismatch.
INFO:Xst:1433 - Contents of array <wt_row> may be accessed with an index that exceeds the array size. This could cause simulation mismatch.
Entity <source> analyzed. Unit <source> generated.


=========================================================================
*                           HDL Synthesis                               *
=========================================================================

Performing bidirectional port resolution...

Synthesizing Unit <source>.
    Related source file is "/home/kuba/code/isp/lab5x/source.vhd".
INFO:Xst:1439 - HDL ADVISOR - You may have used signed signal(s) to address this RAM. If that is the case, negative values being out of range, sign bits were ignored. As a result only the first half of the RAM is actually accessed. Please check your source code.
    Found 5x8-bit dual-port RAM <Mram_wt_row> for signal <wt_row>.
    Found finite state machine <FSM_0> for signal <current_state>.
    -----------------------------------------------------------------------
    | States             | 4                                              |
    | Transitions        | 44                                             |
    | Inputs             | 4                                              |
    | Outputs            | 8                                              |
    | Clock              | clk_i                     (rising_edge)        |
    | Clock enable       | current_state$or0000      (positive)           |
    | Reset              | rst_i                     (positive)           |
    | Reset type         | asynchronous                                   |
    | Reset State        | idle_state                                     |
    | Power Up State     | idle_state                                     |
    | Encoding           | automatic                                      |
    | Implementation     | LUT                                            |
    -----------------------------------------------------------------------
    Found finite state machine <FSM_1> for signal <wt_state>.
    -----------------------------------------------------------------------
    | States             | 8                                              |
    | Transitions        | 19                                             |
    | Inputs             | 6                                              |
    | Outputs            | 10                                             |
    | Clock              | clk_i                     (rising_edge)        |
    | Clock enable       | wt_sleep                  (negative)           |
    | Reset              | rst_i                     (positive)           |
    | Reset type         | asynchronous                                   |
    | Reset State        | idle_state                                     |
    | Power Up State     | idle_state                                     |
    | Encoding           | automatic                                      |
    | Implementation     | LUT                                            |
    -----------------------------------------------------------------------
    Found finite state machine <FSM_2> for signal <tx_state>.
    -----------------------------------------------------------------------
    | States             | 4                                              |
    | Transitions        | 6                                              |
    | Inputs             | 2                                              |
    | Outputs            | 32                                             |
    | Clock              | clk_i                     (rising_edge)        |
    | Clock enable       | tx_state$not0000          (negative)           |
    | Reset              | rst_i                     (positive)           |
    | Reset type         | asynchronous                                   |
    | Reset State        | idle_state                                     |
    | Power Up State     | idle_state                                     |
    | Encoding           | automatic                                      |
    | Implementation     | LUT                                            |
    -----------------------------------------------------------------------
    Found 1-bit register for signal <txd_o>.
    Found 8-bit register for signal <bit_buffer>.
    Found 32-bit up counter for signal <bit_counter>.
    Found 8-bit register for signal <fifo_din>.
    Found 1-bit register for signal <fifo_rd_en>.
    Found 32-bit register for signal <fifo_size>.
    Found 32-bit addsub for signal <fifo_size$mux0000>.
    Found 1-bit register for signal <fifo_wr_en>.
    Found 12-bit register for signal <rom_addra>.
    Found 32-bit up counter for signal <tick_counter>.
    Found 32-bit register for signal <tx_bit_counter>.
    Found 32-bit adder for signal <tx_bit_counter$addsub0000> created at line 269.
    Found 1-bit register for signal <tx_busy>.
    Found 8-bit register for signal <tx_input>.
    Found 1-bit register for signal <tx_input_valid>.
    Found 32-bit down counter for signal <tx_tick_counter>.
    Found 8-bit register for signal <wt_bit_row>.
    Found 1-bit 8-to-1 multiplexer for signal <wt_bit_row$mux0000> created at line 339.
    Found 1-bit register for signal <wt_fifo_reset>.
    Found 32-bit register for signal <wt_i>.
    Found 32-bit adder for signal <wt_i$addsub0000> created at line 390.
    Found 32-bit register for signal <wt_j>.
    Found 32-bit adder for signal <wt_j$addsub0000> created at line 355.
    Found 32-bit register for signal <wt_k>.
    Found 32-bit adder for signal <wt_k$share0000> created at line 303.
    Found 1-bit register for signal <wt_sleep>.
    Found 32-bit comparator greatequal for signal <wt_state$cmp_ge0000> created at line 309.
    Summary:
	inferred   3 Finite State Machine(s).
	inferred   1 RAM(s).
	inferred   3 Counter(s).
	inferred 211 D-type flip-flop(s).
	inferred   5 Adder/Subtractor(s).
	inferred   1 Comparator(s).
	inferred   1 Multiplexer(s).
Unit <source> synthesized.

INFO:Xst:1767 - HDL ADVISOR - Resource sharing has identified that some arithmetic operations in this design can share the same physical resources for reduced device utilization. For improved clock frequency you may try to disable resource sharing.

=========================================================================
HDL Synthesis Report

Macro Statistics
# RAMs                                                 : 1
 5x8-bit dual-port RAM                                 : 1
# Adders/Subtractors                                   : 5
 32-bit adder                                          : 4
 32-bit addsub                                         : 1
# Counters                                             : 3
 32-bit down counter                                   : 1
 32-bit up counter                                     : 2
# Registers                                            : 17
 1-bit register                                        : 7
 12-bit register                                       : 1
 32-bit register                                       : 5
 8-bit register                                        : 4
# Comparators                                          : 1
 32-bit comparator greatequal                          : 1
# Multiplexers                                         : 1
 1-bit 8-to-1 multiplexer                              : 1

=========================================================================

=========================================================================
*                       Advanced HDL Synthesis                          *
=========================================================================

Analyzing FSM <FSM_2> for best encoding.
Optimizing FSM <tx_state/FSM> on signal <tx_state[1:2]> with gray encoding.
-------------------------
 State       | Encoding
-------------------------
 idle_state  | 00
 start_state | 01
 send_state  | 11
 stop_state  | 10
-------------------------
Analyzing FSM <FSM_1> for best encoding.
Optimizing FSM <wt_state/FSM> on signal <wt_state[1:8]> with one-hot encoding.
-----------------------------
 State           | Encoding
-----------------------------
 idle_state      | 00000001
 fetch_char_a    | 00000010
 fetch_char_b    | 00000100
 fetch_bit_row_a | 00001000
 fetch_bit_row_b | 00010000
 print_bit       | 00100000
 print_cr        | 01000000
 print_lf        | 10000000
-----------------------------
Analyzing FSM <FSM_0> for best encoding.
Optimizing FSM <current_state/FSM> on signal <current_state[1:2]> with gray encoding.
--------------------------
 State        | Encoding
--------------------------
 idle_state   | 00
 start_state  | 01
 listen_state | 11
 stop_state   | 10
--------------------------
Reading core <char_mem.ngc>.
Reading core <fifo_mem.ngc>.
Loading core <char_mem> for timing and area information for instance <rom>.
Loading core <fifo_mem> for timing and area information for instance <fifo>.

Synthesizing (advanced) Unit <source>.
The following registers are absorbed into accumulator <fifo_size>: 1 register on signal <fifo_size>.
INFO:Xst:3231 - The small RAM <Mram_wt_row> will be implemented on LUTs in order to maximize performance and save block RAM resources. If you want to force its implementation on block, use option/constraint ram_style.
    -----------------------------------------------------------------------
    | ram_type           | Distributed                         |          |
    -----------------------------------------------------------------------
    | Port A                                                              |
    |     aspect ratio   | 5-word x 8-bit                      |          |
    |     clkA           | connected to signal <clk_i>         | rise     |
    |     weA            | connected to signal <_cmp_eq0000_0> | high     |
    |     addrA          | connected to signal <wt_k>          |          |
    |     diA            | connected to signal <fifo_dout>     |          |
    |     doA            | connected to internal node          |          |
    -----------------------------------------------------------------------
    | Port B                                                              |
    |     aspect ratio   | 5-word x 8-bit                      |          |
    |     addrB          | connected to signal <wt_k>          |          |
    |     doB            | connected to internal node          |          |
    -----------------------------------------------------------------------
Unit <source> synthesized (advanced).

=========================================================================
Advanced HDL Synthesis Report

Macro Statistics
# FSMs                                                 : 3
# RAMs                                                 : 1
 5x8-bit dual-port distributed RAM                     : 1
# Adders/Subtractors                                   : 4
 32-bit adder                                          : 4
# Counters                                             : 3
 32-bit down counter                                   : 1
 32-bit up counter                                     : 2
# Accumulators                                         : 1
 32-bit updown accumulator                             : 1
# Registers                                            : 179
 Flip-Flops                                            : 179
# Comparators                                          : 1
 32-bit comparator greatequal                          : 1
# Multiplexers                                         : 1
 1-bit 8-to-1 multiplexer                              : 1

=========================================================================

=========================================================================
*                         Low Level Synthesis                           *
=========================================================================
INFO:Xst:1901 - Instance U0/xst_blk_mem_generator/gnativebmg.native_blk_mem_gen/valid.cstr/ramloop[0].ram.r/s3_init.ram/dpram.dp4x4.ram in unit U0/xst_blk_mem_generator/gnativebmg.native_blk_mem_gen/valid.cstr/ramloop[0].ram.r/s3_init.ram/dpram.dp4x4.ram of type RAMB16_S4_S4 has been replaced by RAMB16
INFO:Xst:1901 - Instance U0/xst_blk_mem_generator/gnativebmg.native_blk_mem_gen/valid.cstr/ramloop[1].ram.r/s3_init.ram/dpram.dp4x4.ram in unit U0/xst_blk_mem_generator/gnativebmg.native_blk_mem_gen/valid.cstr/ramloop[1].ram.r/s3_init.ram/dpram.dp4x4.ram of type RAMB16_S4_S4 has been replaced by RAMB16
INFO:Xst:1901 - Instance U0/xst_fifo_generator/gconvfifo.rf/grf.rf/gntv_or_sync_fifo.mem/gbm.gbmg.gbmga.ngecc.bmg/gnativebmg.native_blk_mem_gen/valid.cstr/ramloop[0].ram.r/s3_noinit.ram/dpram.dp36x36.ram in unit U0/xst_fifo_generator/gconvfifo.rf/grf.rf/gntv_or_sync_fifo.mem/gbm.gbmg.gbmga.ngecc.bmg/gnativebmg.native_blk_mem_gen/valid.cstr/ramloop[0].ram.r/s3_noinit.ram/dpram.dp36x36.ram of type RAMB16_S36_S36 has been replaced by RAMB16

Optimizing unit <source> ...

Mapping all equations...
Building and optimizing final netlist ...
Found area constraint ratio of 100 (+ 5) on block source, actual ratio is 19.
INFO:Xst:2260 - The FF/Latch <U0/xst_fifo_generator/gconvfifo.rf/grf.rf/gntv_or_sync_fifo.gl0.wr/gwss.wsts/ram_full_fb_i> in Unit <fifo> is equivalent to the following FF/Latch : <U0/xst_fifo_generator/gconvfifo.rf/grf.rf/gntv_or_sync_fifo.gl0.wr/gwss.wsts/ram_full_i> 
INFO:Xst:2260 - The FF/Latch <U0/xst_fifo_generator/gconvfifo.rf/grf.rf/gntv_or_sync_fifo.gl0.rd/grss.rsts/ram_empty_i> in Unit <fifo> is equivalent to the following FF/Latch : <U0/xst_fifo_generator/gconvfifo.rf/grf.rf/gntv_or_sync_fifo.gl0.rd/grss.rsts/ram_empty_fb_i> 
INFO:Xst:2260 - The FF/Latch <U0/xst_fifo_generator/gconvfifo.rf/grf.rf/gntv_or_sync_fifo.gl0.wr/gwss.wsts/ram_full_fb_i> in Unit <fifo> is equivalent to the following FF/Latch : <U0/xst_fifo_generator/gconvfifo.rf/grf.rf/gntv_or_sync_fifo.gl0.wr/gwss.wsts/ram_full_i> 
INFO:Xst:2260 - The FF/Latch <U0/xst_fifo_generator/gconvfifo.rf/grf.rf/gntv_or_sync_fifo.gl0.rd/grss.rsts/ram_empty_i> in Unit <fifo> is equivalent to the following FF/Latch : <U0/xst_fifo_generator/gconvfifo.rf/grf.rf/gntv_or_sync_fifo.gl0.rd/grss.rsts/ram_empty_fb_i> 

Final Macro Processing ...

=========================================================================
Final Register Report

Macro Statistics
# Registers                                            : 319
 Flip-Flops                                            : 319

=========================================================================

=========================================================================
*                           Partition Report                            *
=========================================================================

Partition Implementation Status
-------------------------------

  No Partitions were found in this design.

-------------------------------

=========================================================================
*                            Final Report                               *
=========================================================================
Final Results
RTL Top Level Output File Name     : source.ngr
Top Level Output File Name         : source
Output Format                      : NGC
Optimization Goal                  : Speed
Keep Hierarchy                     : No

Design Statistics
# IOs                              : 6

Cell Usage :
# BELS                             : 1251
#      GND                         : 6
#      INV                         : 43
#      LUT1                        : 190
#      LUT2                        : 127
#      LUT2_D                      : 1
#      LUT3                        : 28
#      LUT3_D                      : 5
#      LUT3_L                      : 1
#      LUT4                        : 248
#      LUT4_D                      : 14
#      LUT4_L                      : 11
#      MUXCY                       : 313
#      MUXF5                       : 5
#      MUXF6                       : 1
#      VCC                         : 2
#      XORCY                       : 256
# FlipFlops/Latches                : 347
#      FD                          : 4
#      FDC                         : 68
#      FDCE                        : 204
#      FDE                         : 69
#      FDPE                        : 2
# RAMS                             : 11
#      RAM16X1D                    : 8
#      RAMB16                      : 3
# Clock Buffers                    : 1
#      BUFGP                       : 1
# IO Buffers                       : 5
#      IBUF                        : 2
#      OBUF                        : 3
=========================================================================

Device utilization summary:
---------------------------

Selected Device : 3s200ft256-4 

 Number of Slices:                      375  out of   1920    19%  
 Number of Slice Flip Flops:            347  out of   3840     9%  
 Number of 4 input LUTs:                684  out of   3840    17%  
    Number used as logic:               668
    Number used as RAMs:                 16
 Number of IOs:                           6
 Number of bonded IOBs:                   6  out of    173     3%  
 Number of BRAMs:                         3  out of     12    25%  
 Number of GCLKs:                         1  out of      8    12%  

---------------------------
Partition Resource Summary:
---------------------------

  No Partitions were found in this design.

---------------------------


=========================================================================
TIMING REPORT

NOTE: THESE TIMING NUMBERS ARE ONLY A SYNTHESIS ESTIMATE.
      FOR ACCURATE TIMING INFORMATION PLEASE REFER TO THE TRACE REPORT
      GENERATED AFTER PLACE-and-ROUTE.

Clock Information:
------------------
-----------------------------------+----------------------------------------------------------------------------------------------------------------------------------------------------------------------------------------------------------------------------------------+-------+
Clock Signal                       | Clock buffer(FF name)                                                                                                                                                                                                                  | Load  |
-----------------------------------+----------------------------------------------------------------------------------------------------------------------------------------------------------------------------------------------------------------------------------------+-------+
clk_i                              | BUFGP                                                                                                                                                                                                                                  | 358   |
rom/N1                             | NONE(rom/U0/xst_blk_mem_generator/gnativebmg.native_blk_mem_gen/valid.cstr/ramloop[0].ram.r/s3_init.ram/dpram.dp4x4.ram/U0/xst_blk_mem_generator/gnativebmg.native_blk_mem_gen/valid.cstr/ramloop[0].ram.r/s3_init.ram/dpram.dp4x4.ram)| 2     |
-----------------------------------+----------------------------------------------------------------------------------------------------------------------------------------------------------------------------------------------------------------------------------------+-------+
INFO:Xst:2169 - HDL ADVISOR - Some clock signals were not automatically buffered by XST with BUFG/BUFR resources. Please use the buffer_type constraint in order to insert these buffers to the clock signals to help prevent skew problems.

Asynchronous Control Signals Information:
----------------------------------------
-----------------------------------+------------------------+-------+
Control Signal                     | Buffer(FF name)        | Load  |
-----------------------------------+------------------------+-------+
rst_i                              | IBUF                   | 274   |
-----------------------------------+------------------------+-------+

Timing Summary:
---------------
Speed Grade: -4

   Minimum period: 10.473ns (Maximum Frequency: 95.484MHz)
   Minimum input arrival time before clock: 9.597ns
   Maximum output required time after clock: 7.165ns
   Maximum combinational path delay: No path found

Timing Detail:
--------------
All values displayed in nanoseconds (ns)

=========================================================================
Timing constraint: Default period analysis for Clock 'clk_i'
  Clock period: 10.473ns (frequency: 95.484MHz)
  Total number of paths / destination ports: 44096 / 714
-------------------------------------------------------------------------
Delay:               10.473ns (Levels of Logic = 41)
  Source:            tick_counter_22 (FF)
  Destination:       fifo_size_31 (FF)
  Source Clock:      clk_i rising
  Destination Clock: clk_i rising

  Data Path: tick_counter_22 to fifo_size_31
                                Gate     Net
    Cell:in->out      fanout   Delay   Delay  Logical Name (Net Name)
    ----------------------------------------  ------------
     FDC:C->Q              2   0.720   1.216  tick_counter_22 (tick_counter_22)
     LUT4:I0->O            1   0.551   0.000  current_state_cmp_eq00001_wg_lut<0> (current_state_cmp_eq00001_wg_lut<0>)
     MUXCY:S->O            1   0.500   0.000  current_state_cmp_eq00001_wg_cy<0> (current_state_cmp_eq00001_wg_cy<0>)
     MUXCY:CI->O           1   0.064   0.000  current_state_cmp_eq00001_wg_cy<1> (current_state_cmp_eq00001_wg_cy<1>)
     MUXCY:CI->O           1   0.064   0.000  current_state_cmp_eq00001_wg_cy<2> (current_state_cmp_eq00001_wg_cy<2>)
     MUXCY:CI->O           1   0.064   0.000  current_state_cmp_eq00001_wg_cy<3> (current_state_cmp_eq00001_wg_cy<3>)
     MUXCY:CI->O           1   0.064   0.000  current_state_cmp_eq00001_wg_cy<4> (current_state_cmp_eq00001_wg_cy<4>)
     MUXCY:CI->O          13   0.303   1.196  current_state_cmp_eq00001_wg_cy<5> (current_state_cmp_eq00001_wg_cy<5>)
     LUT4:I3->O            3   0.551   1.102  fifo_size_mux0001<29>1_1 (fifo_size_mux0001<29>1)
     LUT2:I1->O            1   0.551   0.000  Maccum_fifo_size_lut<0> (Maccum_fifo_size_lut<0>)
     MUXCY:S->O            1   0.500   0.000  Maccum_fifo_size_cy<0> (Maccum_fifo_size_cy<0>)
     MUXCY:CI->O           1   0.064   0.000  Maccum_fifo_size_cy<1> (Maccum_fifo_size_cy<1>)
     MUXCY:CI->O           1   0.064   0.000  Maccum_fifo_size_cy<2> (Maccum_fifo_size_cy<2>)
     MUXCY:CI->O           1   0.064   0.000  Maccum_fifo_size_cy<3> (Maccum_fifo_size_cy<3>)
     MUXCY:CI->O           1   0.064   0.000  Maccum_fifo_size_cy<4> (Maccum_fifo_size_cy<4>)
     MUXCY:CI->O           1   0.064   0.000  Maccum_fifo_size_cy<5> (Maccum_fifo_size_cy<5>)
     MUXCY:CI->O           1   0.064   0.000  Maccum_fifo_size_cy<6> (Maccum_fifo_size_cy<6>)
     MUXCY:CI->O           1   0.064   0.000  Maccum_fifo_size_cy<7> (Maccum_fifo_size_cy<7>)
     MUXCY:CI->O           1   0.064   0.000  Maccum_fifo_size_cy<8> (Maccum_fifo_size_cy<8>)
     MUXCY:CI->O           1   0.064   0.000  Maccum_fifo_size_cy<9> (Maccum_fifo_size_cy<9>)
     MUXCY:CI->O           1   0.064   0.000  Maccum_fifo_size_cy<10> (Maccum_fifo_size_cy<10>)
     MUXCY:CI->O           1   0.064   0.000  Maccum_fifo_size_cy<11> (Maccum_fifo_size_cy<11>)
     MUXCY:CI->O           1   0.064   0.000  Maccum_fifo_size_cy<12> (Maccum_fifo_size_cy<12>)
     MUXCY:CI->O           1   0.064   0.000  Maccum_fifo_size_cy<13> (Maccum_fifo_size_cy<13>)
     MUXCY:CI->O           1   0.064   0.000  Maccum_fifo_size_cy<14> (Maccum_fifo_size_cy<14>)
     MUXCY:CI->O           1   0.064   0.000  Maccum_fifo_size_cy<15> (Maccum_fifo_size_cy<15>)
     MUXCY:CI->O           1   0.064   0.000  Maccum_fifo_size_cy<16> (Maccum_fifo_size_cy<16>)
     MUXCY:CI->O           1   0.064   0.000  Maccum_fifo_size_cy<17> (Maccum_fifo_size_cy<17>)
     MUXCY:CI->O           1   0.064   0.000  Maccum_fifo_size_cy<18> (Maccum_fifo_size_cy<18>)
     MUXCY:CI->O           1   0.064   0.000  Maccum_fifo_size_cy<19> (Maccum_fifo_size_cy<19>)
     MUXCY:CI->O           1   0.064   0.000  Maccum_fifo_size_cy<20> (Maccum_fifo_size_cy<20>)
     MUXCY:CI->O           1   0.064   0.000  Maccum_fifo_size_cy<21> (Maccum_fifo_size_cy<21>)
     MUXCY:CI->O           1   0.064   0.000  Maccum_fifo_size_cy<22> (Maccum_fifo_size_cy<22>)
     MUXCY:CI->O           1   0.064   0.000  Maccum_fifo_size_cy<23> (Maccum_fifo_size_cy<23>)
     MUXCY:CI->O           1   0.064   0.000  Maccum_fifo_size_cy<24> (Maccum_fifo_size_cy<24>)
     MUXCY:CI->O           1   0.064   0.000  Maccum_fifo_size_cy<25> (Maccum_fifo_size_cy<25>)
     MUXCY:CI->O           1   0.064   0.000  Maccum_fifo_size_cy<26> (Maccum_fifo_size_cy<26>)
     MUXCY:CI->O           1   0.064   0.000  Maccum_fifo_size_cy<27> (Maccum_fifo_size_cy<27>)
     MUXCY:CI->O           1   0.064   0.000  Maccum_fifo_size_cy<28> (Maccum_fifo_size_cy<28>)
     MUXCY:CI->O           1   0.064   0.000  Maccum_fifo_size_cy<29> (Maccum_fifo_size_cy<29>)
     MUXCY:CI->O           0   0.064   0.000  Maccum_fifo_size_cy<30> (Maccum_fifo_size_cy<30>)
     XORCY:CI->O           1   0.904   0.000  Maccum_fifo_size_xor<31> (Result<31>2)
     FDCE:D                    0.203          fifo_size_31
    ----------------------------------------
    Total                     10.473ns (6.959ns logic, 3.514ns route)
                                       (66.4% logic, 33.6% route)

=========================================================================
Timing constraint: Default OFFSET IN BEFORE for Clock 'clk_i'
  Total number of paths / destination ports: 627 / 121
-------------------------------------------------------------------------
Offset:              9.597ns (Levels of Logic = 36)
  Source:            rxd_i (PAD)
  Destination:       fifo_size_31 (FF)
  Destination Clock: clk_i rising

  Data Path: rxd_i to fifo_size_31
                                Gate     Net
    Cell:in->out      fanout   Delay   Delay  Logical Name (Net Name)
    ----------------------------------------  ------------
     IBUF:I->O             8   0.821   1.422  rxd_i_IBUF (rxd_i_IBUF)
     LUT3_D:I0->O          2   0.551   1.072  current_state_cmp_eq000134_SW0 (N42)
     LUT4:I1->O            3   0.551   1.102  fifo_size_mux0001<29>1_1 (fifo_size_mux0001<29>1)
     LUT2:I1->O            1   0.551   0.000  Maccum_fifo_size_lut<0> (Maccum_fifo_size_lut<0>)
     MUXCY:S->O            1   0.500   0.000  Maccum_fifo_size_cy<0> (Maccum_fifo_size_cy<0>)
     MUXCY:CI->O           1   0.064   0.000  Maccum_fifo_size_cy<1> (Maccum_fifo_size_cy<1>)
     MUXCY:CI->O           1   0.064   0.000  Maccum_fifo_size_cy<2> (Maccum_fifo_size_cy<2>)
     MUXCY:CI->O           1   0.064   0.000  Maccum_fifo_size_cy<3> (Maccum_fifo_size_cy<3>)
     MUXCY:CI->O           1   0.064   0.000  Maccum_fifo_size_cy<4> (Maccum_fifo_size_cy<4>)
     MUXCY:CI->O           1   0.064   0.000  Maccum_fifo_size_cy<5> (Maccum_fifo_size_cy<5>)
     MUXCY:CI->O           1   0.064   0.000  Maccum_fifo_size_cy<6> (Maccum_fifo_size_cy<6>)
     MUXCY:CI->O           1   0.064   0.000  Maccum_fifo_size_cy<7> (Maccum_fifo_size_cy<7>)
     MUXCY:CI->O           1   0.064   0.000  Maccum_fifo_size_cy<8> (Maccum_fifo_size_cy<8>)
     MUXCY:CI->O           1   0.064   0.000  Maccum_fifo_size_cy<9> (Maccum_fifo_size_cy<9>)
     MUXCY:CI->O           1   0.064   0.000  Maccum_fifo_size_cy<10> (Maccum_fifo_size_cy<10>)
     MUXCY:CI->O           1   0.064   0.000  Maccum_fifo_size_cy<11> (Maccum_fifo_size_cy<11>)
     MUXCY:CI->O           1   0.064   0.000  Maccum_fifo_size_cy<12> (Maccum_fifo_size_cy<12>)
     MUXCY:CI->O           1   0.064   0.000  Maccum_fifo_size_cy<13> (Maccum_fifo_size_cy<13>)
     MUXCY:CI->O           1   0.064   0.000  Maccum_fifo_size_cy<14> (Maccum_fifo_size_cy<14>)
     MUXCY:CI->O           1   0.064   0.000  Maccum_fifo_size_cy<15> (Maccum_fifo_size_cy<15>)
     MUXCY:CI->O           1   0.064   0.000  Maccum_fifo_size_cy<16> (Maccum_fifo_size_cy<16>)
     MUXCY:CI->O           1   0.064   0.000  Maccum_fifo_size_cy<17> (Maccum_fifo_size_cy<17>)
     MUXCY:CI->O           1   0.064   0.000  Maccum_fifo_size_cy<18> (Maccum_fifo_size_cy<18>)
     MUXCY:CI->O           1   0.064   0.000  Maccum_fifo_size_cy<19> (Maccum_fifo_size_cy<19>)
     MUXCY:CI->O           1   0.064   0.000  Maccum_fifo_size_cy<20> (Maccum_fifo_size_cy<20>)
     MUXCY:CI->O           1   0.064   0.000  Maccum_fifo_size_cy<21> (Maccum_fifo_size_cy<21>)
     MUXCY:CI->O           1   0.064   0.000  Maccum_fifo_size_cy<22> (Maccum_fifo_size_cy<22>)
     MUXCY:CI->O           1   0.064   0.000  Maccum_fifo_size_cy<23> (Maccum_fifo_size_cy<23>)
     MUXCY:CI->O           1   0.064   0.000  Maccum_fifo_size_cy<24> (Maccum_fifo_size_cy<24>)
     MUXCY:CI->O           1   0.064   0.000  Maccum_fifo_size_cy<25> (Maccum_fifo_size_cy<25>)
     MUXCY:CI->O           1   0.064   0.000  Maccum_fifo_size_cy<26> (Maccum_fifo_size_cy<26>)
     MUXCY:CI->O           1   0.064   0.000  Maccum_fifo_size_cy<27> (Maccum_fifo_size_cy<27>)
     MUXCY:CI->O           1   0.064   0.000  Maccum_fifo_size_cy<28> (Maccum_fifo_size_cy<28>)
     MUXCY:CI->O           1   0.064   0.000  Maccum_fifo_size_cy<29> (Maccum_fifo_size_cy<29>)
     MUXCY:CI->O           0   0.064   0.000  Maccum_fifo_size_cy<30> (Maccum_fifo_size_cy<30>)
     XORCY:CI->O           1   0.904   0.000  Maccum_fifo_size_xor<31> (Result<31>2)
     FDCE:D                    0.203          fifo_size_31
    ----------------------------------------
    Total                      9.597ns (6.001ns logic, 3.596ns route)
                                       (62.5% logic, 37.5% route)

=========================================================================
Timing constraint: Default OFFSET OUT AFTER for Clock 'clk_i'
  Total number of paths / destination ports: 3 / 3
-------------------------------------------------------------------------
Offset:              7.165ns (Levels of Logic = 1)
  Source:            txd_o (FF)
  Destination:       txd_o (PAD)
  Source Clock:      clk_i rising

  Data Path: txd_o to txd_o
                                Gate     Net
    Cell:in->out      fanout   Delay   Delay  Logical Name (Net Name)
    ----------------------------------------  ------------
     FDPE:C->Q             1   0.720   0.801  txd_o (txd_o_OBUF)
     OBUF:I->O                 5.644          txd_o_OBUF (txd_o)
    ----------------------------------------
    Total                      7.165ns (6.364ns logic, 0.801ns route)
                                       (88.8% logic, 11.2% route)

=========================================================================


Total REAL time to Xst completion: 5.00 secs
Total CPU time to Xst completion: 4.94 secs
 
--> 


Total memory usage is 535020 kilobytes

Number of errors   :    0 (   0 filtered)
Number of warnings :    0 (   0 filtered)
Number of infos    :   17 (   0 filtered)

