V3 5
FL /home/kuba/code/isp/lab5x/source.vhd 2017/04/11.21:18:40 P.20131013
EN work/source 1491938324 FL /home/kuba/code/isp/lab5x/source.vhd \
      PB ieee/std_logic_1164 1381692176 PB ieee/NUMERIC_STD 1381692181 \
      PB std/TEXTIO 1381692176
AR work/source/Behavioral 1491938325 \
      FL /home/kuba/code/isp/lab5x/source.vhd EN work/source 1491938324 \
      CP char_mem CP fifo_mem
